// Jest Snapshot v1, https://goo.gl/fbAQLP

exports[`App component renders App 1`] = `
<DocumentFragment>
  <div>
    <h2>
      Welcome!
    </h2>
    <h3>
      To see more info on a character, just click on their image or name.
    </h3>
  </div>
  <main>
    <div>
      LOADING
    </div>
  </main>
</DocumentFragment>
`;
