// Jest Snapshot v1, https://goo.gl/fbAQLP

exports[`ListPage component renders list of characters 1`] = `
<DocumentFragment>
  <ul
    data-testid="characters"
  >
    <main
      class="main"
    >
      <li>
        <a
          href="/detail/1"
        >
          <main>
            <h1>
              someName
            </h1>
            <img
              alt="avatar character"
              class="image"
              src="somePhoto"
            />
          </main>
        </a>
      </li>
    </main>
    <main
      class="main"
    >
      <li>
        <a
          href="/detail/2"
        >
          <main>
            <h1>
              someName
            </h1>
            <img
              alt="avatar character"
              class="image"
              src="somePhoto"
            />
          </main>
        </a>
      </li>
    </main>
    <main
      class="main"
    >
      <li>
        <a
          href="/detail/3"
        >
          <main>
            <h1>
              someName
            </h1>
            <img
              alt="avatar character"
              class="image"
              src="somePhoto"
            />
          </main>
        </a>
      </li>
    </main>
  </ul>
</DocumentFragment>
`;
